// Jest Snapshot v1, https://jestjs.io/docs/snapshot-testing

exports[`ChatCustomElement should match snapshot 1`] = `
<div
  class="custom-chat-element"
  style="width: 0px; height: 0px;"
>
  <cds-aichat-react>
    <div
      slot="aiTooltipAfterDescriptionElement"
    />
    <div
      slot="welcomeNodeBeforeElement"
    />
    <div
      slot="headerBottomElement"
    />
    <div
      slot="beforeInputElement"
    />
    <div
      slot="homeScreenHeaderBottomElement"
    />
    <div
      slot="homeScreenAfterStartersElement"
    />
    <div
      slot="homeScreenBeforeInputElement"
    />
    <div
      slot="customPanelElement"
    />
  </cds-aichat-react>
</div>
`;
